Archive member included to satisfy reference by file (symbol)

/Applications/STM32CubeIDE.app/Contents/Eclipse/plugins/com.st.stm32cube.ide.mcu.externaltools.gnu-tools-for-stm32.11.3.rel1.macos64_1.1.1.202309131626/tools/bin/../lib/gcc/arm-none-eabi/11.3.1/../../../../arm-none-eabi/lib/thumb/v7e-m+dp/hard/libc_nano.a(libc_a-exit.o)
                              /Applications/STM32CubeIDE.app/Contents/Eclipse/plugins/com.st.stm32cube.ide.mcu.externaltools.gnu-tools-for-stm32.11.3.rel1.macos64_1.1.1.202309131626/tools/bin/../lib/gcc/arm-none-eabi/11.3.1/../../../../arm-none-eabi/lib/thumb/v7e-m+dp/hard/crt0.o (exit)
/Applications/STM32CubeIDE.app/Contents/Eclipse/plugins/com.st.stm32cube.ide.mcu.externaltools.gnu-tools-for-stm32.11.3.rel1.macos64_1.1.1.202309131626/tools/bin/../lib/gcc/arm-none-eabi/11.3.1/../../../../arm-none-eabi/lib/thumb/v7e-m+dp/hard/libc_nano.a(libc_a-findfp.o)
                              /Applications/STM32CubeIDE.app/Contents/Eclipse/plugins/com.st.stm32cube.ide.mcu.externaltools.gnu-tools-for-stm32.11.3.rel1.macos64_1.1.1.202309131626/tools/bin/../lib/gcc/arm-none-eabi/11.3.1/../../../../arm-none-eabi/lib/thumb/v7e-m+dp/hard/libc_nano.a(libc_a-exit.o) (__stdio_exit_handler)
/Applications/STM32CubeIDE.app/Contents/Eclipse/plugins/com.st.stm32cube.ide.mcu.externaltools.gnu-tools-for-stm32.11.3.rel1.macos64_1.1.1.202309131626/tools/bin/../lib/gcc/arm-none-eabi/11.3.1/../../../../arm-none-eabi/lib/thumb/v7e-m+dp/hard/libc_nano.a(libc_a-fwalk.o)
                              /Applications/STM32CubeIDE.app/Contents/Eclipse/plugins/com.st.stm32cube.ide.mcu.externaltools.gnu-tools-for-stm32.11.3.rel1.macos64_1.1.1.202309131626/tools/bin/../lib/gcc/arm-none-eabi/11.3.1/../../../../arm-none-eabi/lib/thumb/v7e-m+dp/hard/libc_nano.a(libc_a-findfp.o) (_fwalk_sglue)
/Applications/STM32CubeIDE.app/Contents/Eclipse/plugins/com.st.stm32cube.ide.mcu.externaltools.gnu-tools-for-stm32.11.3.rel1.macos64_1.1.1.202309131626/tools/bin/../lib/gcc/arm-none-eabi/11.3.1/../../../../arm-none-eabi/lib/thumb/v7e-m+dp/hard/libc_nano.a(libc_a-memset.o)
                              /Applications/STM32CubeIDE.app/Contents/Eclipse/plugins/com.st.stm32cube.ide.mcu.externaltools.gnu-tools-for-stm32.11.3.rel1.macos64_1.1.1.202309131626/tools/bin/../lib/gcc/arm-none-eabi/11.3.1/../../../../arm-none-eabi/lib/thumb/v7e-m+dp/hard/crt0.o (memset)
/Applications/STM32CubeIDE.app/Contents/Eclipse/plugins/com.st.stm32cube.ide.mcu.externaltools.gnu-tools-for-stm32.11.3.rel1.macos64_1.1.1.202309131626/tools/bin/../lib/gcc/arm-none-eabi/11.3.1/../../../../arm-none-eabi/lib/thumb/v7e-m+dp/hard/libc_nano.a(libc_a-impure.o)
                              /Applications/STM32CubeIDE.app/Contents/Eclipse/plugins/com.st.stm32cube.ide.mcu.externaltools.gnu-tools-for-stm32.11.3.rel1.macos64_1.1.1.202309131626/tools/bin/../lib/gcc/arm-none-eabi/11.3.1/../../../../arm-none-eabi/lib/thumb/v7e-m+dp/hard/libc_nano.a(libc_a-findfp.o) (_impure_data)
/Applications/STM32CubeIDE.app/Contents/Eclipse/plugins/com.st.stm32cube.ide.mcu.externaltools.gnu-tools-for-stm32.11.3.rel1.macos64_1.1.1.202309131626/tools/bin/../lib/gcc/arm-none-eabi/11.3.1/../../../../arm-none-eabi/lib/thumb/v7e-m+dp/hard/libc_nano.a(libc_a-errno.o)
                              ./Core/Src/syscalls.o (__errno)
/Applications/STM32CubeIDE.app/Contents/Eclipse/plugins/com.st.stm32cube.ide.mcu.externaltools.gnu-tools-for-stm32.11.3.rel1.macos64_1.1.1.202309131626/tools/bin/../lib/gcc/arm-none-eabi/11.3.1/../../../../arm-none-eabi/lib/thumb/v7e-m+dp/hard/libc_nano.a(libc_a-init.o)
                              /Applications/STM32CubeIDE.app/Contents/Eclipse/plugins/com.st.stm32cube.ide.mcu.externaltools.gnu-tools-for-stm32.11.3.rel1.macos64_1.1.1.202309131626/tools/bin/../lib/gcc/arm-none-eabi/11.3.1/../../../../arm-none-eabi/lib/thumb/v7e-m+dp/hard/crt0.o (__libc_init_array)
/Applications/STM32CubeIDE.app/Contents/Eclipse/plugins/com.st.stm32cube.ide.mcu.externaltools.gnu-tools-for-stm32.11.3.rel1.macos64_1.1.1.202309131626/tools/bin/../lib/gcc/arm-none-eabi/11.3.1/../../../../arm-none-eabi/lib/thumb/v7e-m+dp/hard/libc_nano.a(libc_a-lock.o)
                              /Applications/STM32CubeIDE.app/Contents/Eclipse/plugins/com.st.stm32cube.ide.mcu.externaltools.gnu-tools-for-stm32.11.3.rel1.macos64_1.1.1.202309131626/tools/bin/../lib/gcc/arm-none-eabi/11.3.1/../../../../arm-none-eabi/lib/thumb/v7e-m+dp/hard/libc_nano.a(libc_a-findfp.o) (__retarget_lock_init_recursive)
/Applications/STM32CubeIDE.app/Contents/Eclipse/plugins/com.st.stm32cube.ide.mcu.externaltools.gnu-tools-for-stm32.11.3.rel1.macos64_1.1.1.202309131626/tools/bin/../lib/gcc/arm-none-eabi/11.3.1/../../../../arm-none-eabi/lib/thumb/v7e-m+dp/hard/libc_nano.a(libc_a-mallocr.o)
[...]
Memory Configuration

Name             Origin             Length             Attributes
ITCMRAM          0x0000000000000000 0x0000000000010000 xrw
DTCMRAM          0x0000000020000000 0x0000000000020000 xrw
FLASH            0x0000000008000000 0x0000000000100000 xr
RAM_D1           0x0000000024000000 0x0000000000050000 xrw
RAM_D2           0x0000000030000000 0x0000000000008000 xrw
RAM_D3           0x0000000038000000 0x0000000000004000 xrw
*default*        0x0000000000000000 0xffffffffffffffff

Linker script and memory map

LOAD /Applications/STM32CubeIDE.app/Contents/Eclipse/plugins/com.st.stm32cube.ide.mcu.externaltools.gnu-tools-for-stm32.11.3.rel1.macos64_1.1.1.202309131626/tools/bin/../lib/gcc/arm-none-eabi/11.3.1/thumb/v7e-m+dp/hard/crti.o
LOAD /Applications/STM32CubeIDE.app/Contents/Eclipse/plugins/com.st.stm32cube.ide.mcu.externaltools.gnu-tools-for-stm32.11.3.rel1.macos64_1.1.1.202309131626/tools/bin/../lib/gcc/arm-none-eabi/11.3.1/thumb/v7e-m+dp/hard/crtbegin.o
LOAD /Applications/STM32CubeIDE.app/Contents/Eclipse/plugins/com.st.stm32cube.ide.mcu.externaltools.gnu-tools-for-stm32.11.3.rel1.macos64_1.1.1.202309131626/tools/bin/../lib/gcc/arm-none-eabi/11.3.1/../../../../arm-none-eabi/lib/thumb/v7e-m+dp/hard/crt0.o
LOAD ./Core/Src/SHTC3.o
LOAD ./Core/Src/main.o
LOAD ./Core/Src/stm32h7xx_hal_msp.o
LOAD ./Core/Src/stm32h7xx_it.o
LOAD ./Core/Src/syscalls.o
LOAD ./Core/Src/sysmem.o
LOAD ./Core/Src/system_stm32h7xx.o
LOAD ./Core/Startup/startup_stm32h723zgtx.o
LOAD ./Drivers/STM32H7xx_HAL_Driver/Src/stm32h7xx_hal.o
LOAD ./Drivers/STM32H7xx_HAL_Driver/Src/stm32h7xx_hal_cortex.o
LOAD ./Drivers/STM32H7xx_HAL_Driver/Src/stm32h7xx_hal_dma.o
LOAD ./Drivers/STM32H7xx_HAL_Driver/Src/stm32h7xx_hal_dma_ex.o
LOAD ./Drivers/STM32H7xx_HAL_Driver/Src/stm32h7xx_hal_eth.o
LOAD ./Drivers/STM32H7xx_HAL_Driver/Src/stm32h7xx_hal_eth_ex.o
LOAD ./Drivers/STM32H7xx_HAL_Driver/Src/stm32h7xx_hal_exti.o
LOAD ./Drivers/STM32H7xx_HAL_Driver/Src/stm32h7xx_hal_flash.o
LOAD ./Drivers/STM32H7xx_HAL_Driver/Src/stm32h7xx_hal_flash_ex.o
LOAD ./Drivers/STM32H7xx_HAL_Driver/Src/stm32h7xx_hal_gpio.o
LOAD ./Drivers/STM32H7xx_HAL_Driver/Src/stm32h7xx_hal_hsem.o
LOAD ./Drivers/STM32H7xx_HAL_Driver/Src/stm32h7xx_hal_i2c.o
LOAD ./Drivers/STM32H7xx_HAL_Driver/Src/stm32h7xx_hal_i2c_ex.o
LOAD ./Drivers/STM32H7xx_HAL_Driver/Src/stm32h7xx_hal_mdma.o
LOAD ./Drivers/STM32H7xx_HAL_Driver/Src/stm32h7xx_hal_pwr.o
LOAD ./Drivers/STM32H7xx_HAL_Driver/Src/stm32h7xx_hal_pwr_ex.o
LOAD ./Drivers/STM32H7xx_HAL_Driver/Src/stm32h7xx_hal_rcc.o
LOAD ./Drivers/STM32H7xx_HAL_Driver/Src/stm32h7xx_hal_rcc_ex.o
LOAD ./Drivers/STM32H7xx_HAL_Driver/Src/stm32h7xx_hal_tim.o
LOAD ./Drivers/STM32H7xx_HAL_Driver/Src/stm32h7xx_hal_tim_ex.o
LOAD ./Drivers/STM32H7xx_HAL_Driver/Src/stm32h7xx_hal_uart.o
LOAD ./Drivers/STM32H7xx_HAL_Driver/Src/stm32h7xx_hal_uart_ex.o
START GROUP
LOAD /Applications/STM32CubeIDE.app/Contents/Eclipse/plugins/com.st.stm32cube.ide.mcu.externaltools.gnu-tools-for-stm32.11.3.rel1.macos64_1.1.1.202309131626/tools/bin/../lib/gcc/arm-none-eabi/11.3.1/../../../../arm-none-eabi/lib/thumb/v7e-m+dp/hard/libc_nano.a
LOAD /Applications/STM32CubeIDE.app/Contents/Eclipse/plugins/com.st.stm32cube.ide.mcu.externaltools.gnu-tools-for-stm32.11.3.rel1.macos64_1.1.1.202309131626/tools/bin/../lib/gcc/arm-none-eabi/11.3.1/../../../../arm-none-eabi/lib/thumb/v7e-m+dp/hard/libm.a
END GROUP
START GROUP
LOAD /Applications/STM32CubeIDE.app/Contents/Eclipse/plugins/com.st.stm32cube.ide.mcu.externaltools.gnu-tools-for-stm32.11.3.rel1.macos64_1.1.1.202309131626/tools/bin/../lib/gcc/arm-none-eabi/11.3.1/thumb/v7e-m+dp/hard/libgcc.a
LOAD /Applications/STM32CubeIDE.app/Contents/Eclipse/plugins/com.st.stm32cube.ide.mcu.externaltools.gnu-tools-for-stm32.11.3.rel1.macos64_1.1.1.202309131626/tools/bin/../lib/gcc/arm-none-eabi/11.3.1/../../../../arm-none-eabi/lib/thumb/v7e-m+dp/hard/libc_nano.a
END GROUP
START GROUP
LOAD /Applications/STM32CubeIDE.app/Contents/Eclipse/plugins/com.st.stm32cube.ide.mcu.externaltools.gnu-tools-for-stm32.11.3.rel1.macos64_1.1.1.202309131626/tools/bin/../lib/gcc/arm-none-eabi/11.3.1/thumb/v7e-m+dp/hard/libgcc.a
LOAD /Applications/STM32CubeIDE.app/Contents/Eclipse/plugins/com.st.stm32cube.ide.mcu.externaltools.gnu-tools-for-stm32.11.3.rel1.macos64_1.1.1.202309131626/tools/bin/../lib/gcc/arm-none-eabi/11.3.1/../../../../arm-none-eabi/lib/thumb/v7e-m+dp/hard/libc_nano.a
LOAD /Applications/STM32CubeIDE.app/Contents/Eclipse/plugins/com.st.stm32cube.ide.mcu.externaltools.gnu-tools-for-stm32.11.3.rel1.macos64_1.1.1.202309131626/tools/bin/../lib/gcc/arm-none-eabi/11.3.1/../../../../arm-none-eabi/lib/thumb/v7e-m+dp/hard/libnosys.a
END GROUP
START GROUP
LOAD /Applications/STM32CubeIDE.app/Contents/Eclipse/plugins/com.st.stm32cube.ide.mcu.externaltools.gnu-tools-for-stm32.11.3.rel1.macos64_1.1.1.202309131626/tools/bin/../lib/gcc/arm-none-eabi/11.3.1/thumb/v7e-m+dp/hard/libgcc.a
LOAD /Applications/STM32CubeIDE.app/Contents/Eclipse/plugins/com.st.stm32cube.ide.mcu.externaltools.gnu-tools-for-stm32.11.3.rel1.macos64_1.1.1.202309131626/tools/bin/../lib/gcc/arm-none-eabi/11.3.1/../../../../arm-none-eabi/lib/thumb/v7e-m+dp/hard/libc_nano.a
LOAD /Applications/STM32CubeIDE.app/Contents/Eclipse/plugins/com.st.stm32cube.ide.mcu.externaltools.gnu-tools-for-stm32.11.3.rel1.macos64_1.1.1.202309131626/tools/bin/../lib/gcc/arm-none-eabi/11.3.1/../../../../arm-none-eabi/lib/thumb/v7e-m+dp/hard/libnosys.a
END GROUP
LOAD /Applications/STM32CubeIDE.app/Contents/Eclipse/plugins/com.st.stm32cube.ide.mcu.externaltools.gnu-tools-for-stm32.11.3.rel1.macos64_1.1.1.202309131626/tools/bin/../lib/gcc/arm-none-eabi/11.3.1/thumb/v7e-m+dp/hard/crtend.o
LOAD /Applications/STM32CubeIDE.app/Contents/Eclipse/plugins/com.st.stm32cube.ide.mcu.externaltools.gnu-tools-for-stm32.11.3.rel1.macos64_1.1.1.202309131626/tools/bin/../lib/gcc/arm-none-eabi/11.3.1/thumb/v7e-m+dp/hard/crtn.o
                0x0000000024050000                _estack = (ORIGIN (RAM_D1) + LENGTH (RAM_D1))
                0x0000000000000200                _Min_Heap_Size = 0x200
                0x0000000000000400                _Min_Stack_Size = 0x400

.isr_vector     0x0000000008000000      0x2cc
                0x0000000008000000                . = ALIGN (0x4)
 *(.isr_vector)
 .isr_vector    0x0000000008000000      0x2cc ./Core/Startup/startup_stm32h723zgtx.o
                0x0000000008000000                g_pfnVectors
                0x00000000080002cc                . = ALIGN (0x4)

.text           0x00000000080002d0     0x6c14
                0x00000000080002d0                . = ALIGN (0x4)
 *(.text)
 .text          0x00000000080002d0       0x40 /Applications/STM32CubeIDE.app/Contents/Eclipse/plugins/com.st.stm32cube.ide.mcu.externaltools.gnu-tools-for-stm32.11.3.rel1.macos64_1.1.1.202309131626/tools/bin/../lib/gcc/arm-none-eabi/11.3.1/thumb/v7e-m+dp/hard/crtbegin.o
 .text          0x0000000008000310       0x30 /Applications/STM32CubeIDE.app/Contents/Eclipse/plugins/com.st.stm32cube.ide.mcu.externaltools.gnu-tools-for-stm32.11.3.rel1.macos64_1.1.1.202309131626/tools/bin/../lib/gcc/arm-none-eabi/11.3.1/thumb/v7e-m+dp/hard/libgcc.a(_aeabi_uldivmod.o)
                0x0000000008000310                __aeabi_uldivmod
 .text          0x0000000008000340      0x2c8 /Applications/STM32CubeIDE.app/Contents/Eclipse/plugins/com.st.stm32cube.ide.mcu.externaltools.gnu-tools-for-stm32.11.3.rel1.macos64_1.1.1.202309131626/tools/bin/../lib/gcc/arm-none-eabi/11.3.1/thumb/v7e-m+dp/hard/libgcc.a(_udivmoddi4.o)
                0x0000000008000340                __udivmoddi4
 .text          0x0000000008000608        0x4 /Applications/STM32CubeIDE.app/Contents/Eclipse/plugins/com.st.stm32cube.ide.mcu.externaltools.gnu-tools-for-stm32.11.3.rel1.macos64_1.1.1.202309131626/tools/bin/../lib/gcc/arm-none-eabi/11.3.1/thumb/v7e-m+dp/hard/libgcc.a(_dvmd_tls.o)
                0x0000000008000608                __aeabi_ldiv0
                0x0000000008000608                __aeabi_idiv0
 *(.text*)
 .text.SHTC3_Init
                0x000000000800060c       0x92 ./Core/Src/SHTC3.o
                0x000000000800060c                SHTC3_Init
 *fill*         0x000000000800069e        0x2 
 .text.SHTC3_Read_Temperature_Humidity
                0x00000000080006a0      0x168 ./Core/Src/SHTC3.o
                0x00000000080006a0                SHTC3_Read_Temperature_Humidity
 .text.SHTC3_Read_Temperature
                0x0000000008000808      0x108 ./Core/Src/SHTC3.o
                0x0000000008000808                SHTC3_Read_Temperature
 .text.SHTC3_Read_Humidity
                0x0000000008000910       0xf8 ./Core/Src/SHTC3.o
                0x0000000008000910                SHTC3_Read_Humidity
 .text.CalculateCRC
                0x0000000008000a08       0x70 ./Core/Src/SHTC3.o
                0x0000000008000a08                CalculateCRC
 .text.main     0x0000000008000a78       0xb0 ./Core/Src/main.o
                0x0000000008000a78                main
 .text.SystemClock_Config
                0x0000000008000b28       0xe0 ./Core/Src/main.o
                0x0000000008000b28                SystemClock_Config
 .text.MX_ETH_Init
                0x0000000008000c08       0x98 ./Core/Src/main.o
 .text.MX_I2C1_Init
                0x0000000008000ca0       0x80 ./Core/Src/main.o
 .text.MX_USART3_UART_Init
                0x0000000008000d20       0x98 ./Core/Src/main.o
 .text.MX_USB_OTG_HS_USB_Init
                0x0000000008000db8        0xe ./Core/Src/main.o
 *fill*         0x0000000008000dc6        0x2 
 .text.MX_GPIO_Init
                0x0000000008000dc8      0x1f8 ./Core/Src/main.o
 .text.Error_Handler
                0x0000000008000fc0        0xa ./Core/Src/main.o
                0x0000000008000fc0                Error_Handler
 *fill*         0x0000000008000fca        0x2 
 .text.HAL_MspInit
                0x0000000008000fcc       0x34 ./Core/Src/stm32h7xx_hal_msp.o
                0x0000000008000fcc                HAL_MspInit
 .text.HAL_ETH_MspInit
                0x0000000008001000      0x19c ./Core/Src/stm32h7xx_hal_msp.o
                0x0000000008001000                HAL_ETH_MspInit
 .text.HAL_I2C_MspInit
                0x000000000800119c       0xd0 ./Core/Src/stm32h7xx_hal_msp.o
                0x000000000800119c                HAL_I2C_MspInit
 .text.HAL_UART_MspInit
                0x000000000800126c       0xd4 ./Core/Src/stm32h7xx_hal_msp.o
                0x000000000800126c                HAL_UART_MspInit
 .text.NMI_Handler
                0x0000000008001340        0x6 ./Core/Src/stm32h7xx_it.o
                0x0000000008001340                NMI_Handler
 .text.HardFault_Handler
                0x0000000008001346        0x6 ./Core/Src/stm32h7xx_it.o
                0x0000000008001346                HardFault_Handler
 .text.MemManage_Handler
                0x000000000800134c        0x6 ./Core/Src/stm32h7xx_it.o
                0x000000000800134c                MemManage_Handler
 .text.BusFault_Handler
                0x0000000008001352        0x6 ./Core/Src/stm32h7xx_it.o
                0x0000000008001352                BusFault_Handler
 .text.UsageFault_Handler
                0x0000000008001358        0x6 ./Core/Src/stm32h7xx_it.o
                0x0000000008001358                UsageFault_Handler
 .text.SVC_Handler
                0x000000000800135e        0xe ./Core/Src/stm32h7xx_it.o
                0x000000000800135e                SVC_Handler
 .text.DebugMon_Handler
                0x000000000800136c        0xe ./Core/Src/stm32h7xx_it.o
                0x000000000800136c                DebugMon_Handler
 .text.PendSV_Handler
                0x000000000800137a        0xe ./Core/Src/stm32h7xx_it.o
                0x000000000800137a                PendSV_Handler
 .text.SysTick_Handler
                0x0000000008001388        0xc ./Core/Src/stm32h7xx_it.o
                0x0000000008001388                SysTick_Handler
 .text.SystemInit
                0x0000000008001394       0xf0 ./Core/Src/system_stm32h7xx.o
                0x0000000008001394                SystemInit
 .text.Reset_Handler
                0x0000000008001484       0x50 ./Core/Startup/startup_stm32h723zgtx.o
                0x0000000008001484                Reset_Handler
 .text.Default_Handler
                0x00000000080014d4        0x2 ./Core/Startup/startup_stm32h723zgtx.o
                0x00000000080014d4                DMA1_Stream3_IRQHandler
                0x00000000080014d4                EXTI2_IRQHandler
                0x00000000080014d4                TIM8_CC_IRQHandler
                0x00000000080014d4                UART8_IRQHandler
                0x00000000080014d4                SPI4_IRQHandler
                0x00000000080014d4                FDCAN3_IT0_IRQHandler
                0x00000000080014d4                TIM1_CC_IRQHandler
                0x00000000080014d4                BDMA_Channel6_IRQHandler
                0x00000000080014d4                DMA2_Stream5_IRQHandler
                0x00000000080014d4                DMA1_Stream5_IRQHandler
                0x00000000080014d4                CORDIC_IRQHandler
                0x00000000080014d4                BDMA_Channel1_IRQHandler
                0x00000000080014d4                TAMP_STAMP_IRQHandler
                0x00000000080014d4                EXTI3_IRQHandler
                0x00000000080014d4                LPTIM4_IRQHandler
                0x00000000080014d4                TIM8_TRG_COM_TIM14_IRQHandler
                0x00000000080014d4                LPTIM2_IRQHandler
                0x00000000080014d4                DFSDM1_FLT1_IRQHandler
                0x00000000080014d4                DMAMUX2_OVR_IRQHandler
                0x00000000080014d4                TIM8_UP_TIM13_IRQHandler
                0x00000000080014d4                I2C3_ER_IRQHandler
                0x00000000080014d4                DFSDM1_FLT2_IRQHandler
                0x00000000080014d4                I2C5_EV_IRQHandler
                0x00000000080014d4                USART10_IRQHandler
                0x00000000080014d4                MDMA_IRQHandler
                0x00000000080014d4                LPTIM3_IRQHandler
                0x00000000080014d4                HSEM1_IRQHandler
                0x00000000080014d4                EXTI0_IRQHandler
                0x00000000080014d4                I2C2_EV_IRQHandler
                0x00000000080014d4                DMA1_Stream2_IRQHandler
                0x00000000080014d4                FPU_IRQHandler
                0x00000000080014d4                OTG_HS_WKUP_IRQHandler
                0x00000000080014d4                FDCAN1_IT1_IRQHandler
                0x00000000080014d4                LTDC_ER_IRQHandler
                0x00000000080014d4                DMA2_Stream2_IRQHandler
                0x00000000080014d4                SPI1_IRQHandler
                0x00000000080014d4                OCTOSPI1_IRQHandler
                0x00000000080014d4                TIM6_DAC_IRQHandler
                0x00000000080014d4                DMA2_Stream3_IRQHandler
                0x00000000080014d4                OCTOSPI2_IRQHandler
                0x00000000080014d4                DFSDM1_FLT3_IRQHandler
                0x00000000080014d4                TIM23_IRQHandler
                0x00000000080014d4                USART6_IRQHandler
                0x00000000080014d4                TIM17_IRQHandler
                0x00000000080014d4                USART3_IRQHandler
                0x00000000080014d4                BDMA_Channel7_IRQHandler
                0x00000000080014d4                LPTIM5_IRQHandler
                0x00000000080014d4                UART5_IRQHandler
                0x00000000080014d4                ADC3_IRQHandler
                0x00000000080014d4                DMA2_Stream0_IRQHandler
                0x00000000080014d4                TIM4_IRQHandler
                0x00000000080014d4                BDMA_Channel2_IRQHandler
                0x00000000080014d4                I2C1_EV_IRQHandler
                0x00000000080014d4                DMA1_Stream6_IRQHandler
                0x00000000080014d4                DMAMUX1_OVR_IRQHandler
                0x00000000080014d4                DMA1_Stream1_IRQHandler
                0x00000000080014d4                TIM16_IRQHandler
                0x00000000080014d4                UART4_IRQHandler
                0x00000000080014d4                BDMA_Channel5_IRQHandler
                0x00000000080014d4                TIM3_IRQHandler
                0x00000000080014d4                RCC_IRQHandler
                0x00000000080014d4                UART9_IRQHandler
                0x00000000080014d4                TIM8_BRK_TIM12_IRQHandler
                0x00000000080014d4                TIM1_TRG_COM_IRQHandler
                0x00000000080014d4                Default_Handler
                0x00000000080014d4                ECC_IRQHandler
                0x00000000080014d4                FMAC_IRQHandler
                0x00000000080014d4                CEC_IRQHandler
                0x00000000080014d4                EXTI15_10_IRQHandler
                0x00000000080014d4                BDMA_Channel0_IRQHandler
                0x00000000080014d4                ADC_IRQHandler
                0x00000000080014d4                I2C5_ER_IRQHandler
                0x00000000080014d4                DMA1_Stream7_IRQHandler
                0x00000000080014d4                SPI5_IRQHandler
                0x00000000080014d4                TIM7_IRQHandler
                0x00000000080014d4                FDCAN3_IT1_IRQHandler
                0x00000000080014d4                SDMMC1_IRQHandler
                0x00000000080014d4                TIM5_IRQHandler
                0x00000000080014d4                DMA2_Stream7_IRQHandler
                0x00000000080014d4                TIM15_IRQHandler
                0x00000000080014d4                PVD_AVD_IRQHandler
                0x00000000080014d4                I2C3_EV_IRQHandler
                0x00000000080014d4                EXTI9_5_IRQHandler
                0x00000000080014d4                RTC_WKUP_IRQHandler
                0x00000000080014d4                LTDC_IRQHandler
                0x00000000080014d4                ETH_WKUP_IRQHandler
                0x00000000080014d4                SPDIF_RX_IRQHandler
                0x00000000080014d4                SPI2_IRQHandler
                0x00000000080014d4                OTG_HS_EP1_IN_IRQHandler
                0x00000000080014d4                DMA1_Stream0_IRQHandler
                0x00000000080014d4                TIM24_IRQHandler
                0x00000000080014d4                CRS_IRQHandler
                0x00000000080014d4                EXTI4_IRQHandler
                0x00000000080014d4                RNG_IRQHandler
                0x00000000080014d4                FDCAN2_IT1_IRQHandler
                0x00000000080014d4                ETH_IRQHandler
                0x00000000080014d4                TIM1_UP_IRQHandler
                0x00000000080014d4                BDMA_Channel4_IRQHandler
                0x00000000080014d4                OTG_HS_EP1_OUT_IRQHandler
                0x00000000080014d4                WWDG_IRQHandler
                0x00000000080014d4                SPI6_IRQHandler
                0x00000000080014d4                MDIOS_IRQHandler
                0x00000000080014d4                I2C4_EV_IRQHandler
                0x00000000080014d4                FDCAN2_IT0_IRQHandler
                0x00000000080014d4                LPUART1_IRQHandler
                0x00000000080014d4                FDCAN1_IT0_IRQHandler
                0x00000000080014d4                TIM2_IRQHandler
                0x00000000080014d4                OTG_HS_IRQHandler
                0x00000000080014d4                DMA2D_IRQHandler
                0x00000000080014d4                TIM1_BRK_IRQHandler
                0x00000000080014d4                EXTI1_IRQHandler
                0x00000000080014d4                SDMMC2_IRQHandler
                0x00000000080014d4                BDMA_Channel3_IRQHandler
                0x00000000080014d4                DTS_IRQHandler
                0x00000000080014d4                UART7_IRQHandler
                0x00000000080014d4                MDIOS_WKUP_IRQHandler
                0x00000000080014d4                USART2_IRQHandler
                0x00000000080014d4                DFSDM1_FLT0_IRQHandler
                0x00000000080014d4                SAI4_IRQHandler
                0x00000000080014d4                I2C2_ER_IRQHandler
                0x00000000080014d4                DMA2_Stream1_IRQHandler
                0x00000000080014d4                FLASH_IRQHandler
                0x00000000080014d4                DMA2_Stream4_IRQHandler
                0x00000000080014d4                USART1_IRQHandler
                0x00000000080014d4                SPI3_IRQHandler
                0x00000000080014d4                WAKEUP_PIN_IRQHandler
                0x00000000080014d4                DMA1_Stream4_IRQHandler
                0x00000000080014d4                I2C1_ER_IRQHandler
                0x00000000080014d4                FMC_IRQHandler
                0x00000000080014d4                FDCAN_CAL_IRQHandler
                0x00000000080014d4                SWPMI1_IRQHandler
                0x00000000080014d4                COMP1_IRQHandler
                0x00000000080014d4                LPTIM1_IRQHandler
                0x00000000080014d4                DCMI_PSSI_IRQHandler
                0x00000000080014d4                I2C4_ER_IRQHandler
                0x00000000080014d4                DMA2_Stream6_IRQHandler
                0x00000000080014d4                SAI1_IRQHandler
                0x00000000080014d4                RTC_Alarm_IRQHandler
 *fill*         0x00000000080014d6        0x2 
 .text.HAL_Init
                0x00000000080014d8       0x78 ./Drivers/STM32H7xx_HAL_Driver/Src/stm32h7xx_hal.o
                0x00000000080014d8                HAL_Init
 .text.HAL_InitTick
                0x0000000008001550       0x6c ./Drivers/STM32H7xx_HAL_Driver/Src/stm32h7xx_hal.o
                0x0000000008001550                HAL_InitTick
 .text.HAL_IncTick
                0x00000000080015bc       0x28 ./Drivers/STM32H7xx_HAL_Driver/Src/stm32h7xx_hal.o
                0x00000000080015bc                HAL_IncTick
 .text.HAL_GetTick
                0x00000000080015e4       0x18 ./Drivers/STM32H7xx_HAL_Driver/Src/stm32h7xx_hal.o
                0x00000000080015e4                HAL_GetTick
 .text.HAL_Delay
                0x00000000080015fc       0x48 ./Drivers/STM32H7xx_HAL_Driver/Src/stm32h7xx_hal.o
                0x00000000080015fc                HAL_Delay
 .text.HAL_SYSCFG_ETHInterfaceSelect
                0x0000000008001644       0x28 ./Drivers/STM32H7xx_HAL_Driver/Src/stm32h7xx_hal.o
                0x0000000008001644                HAL_SYSCFG_ETHInterfaceSelect
 .text.__NVIC_SetPriorityGrouping
                0x000000000800166c       0x48 ./Drivers/STM32H7xx_HAL_Driver/Src/stm32h7xx_hal_cortex.o
 .text.__NVIC_GetPriorityGrouping
                0x00000000080016b4       0x1c ./Drivers/STM32H7xx_HAL_Driver/Src/stm32h7xx_hal_cortex.o
 .text.__NVIC_SetPriority
                0x00000000080016d0       0x54 ./Drivers/STM32H7xx_HAL_Driver/Src/stm32h7xx_hal_cortex.o
 .text.NVIC_EncodePriority
                0x0000000008001724       0x66 ./Drivers/STM32H7xx_HAL_Driver/Src/stm32h7xx_hal_cortex.o
 *fill*         0x000000000800178a        0x2 
 .text.SysTick_Config
                0x000000000800178c       0x44 ./Drivers/STM32H7xx_HAL_Driver/Src/stm32h7xx_hal_cortex.o
 .text.HAL_NVIC_SetPriorityGrouping
                0x00000000080017d0       0x16 ./Drivers/STM32H7xx_HAL_Driver/Src/stm32h7xx_hal_cortex.o
                0x00000000080017d0                HAL_NVIC_SetPriorityGrouping
 .text.HAL_NVIC_SetPriority
                0x00000000080017e6       0x34 ./Drivers/STM32H7xx_HAL_Driver/Src/stm32h7xx_hal_cortex.o
                0x00000000080017e6                HAL_NVIC_SetPriority
 .text.HAL_SYSTICK_Config
                0x000000000800181a       0x18 ./Drivers/STM32H7xx_HAL_Driver/Src/stm32h7xx_hal_cortex.o
                0x000000000800181a                HAL_SYSTICK_Config
 *fill*         0x0000000008001832        0x2 
 .text.HAL_ETH_Init
                0x0000000008001834      0x1fc ./Drivers/STM32H7xx_HAL_Driver/Src/stm32h7xx_hal_eth.o
                0x0000000008001834                HAL_ETH_Init
 .text.HAL_ETH_SetMDIOClockRange
                0x0000000008001a30       0xa0 ./Drivers/STM32H7xx_HAL_Driver/Src/stm32h7xx_hal_eth.o
                0x0000000008001a30                HAL_ETH_SetMDIOClockRange
 .text.ETH_SetMACConfig
                0x0000000008001ad0      0x238 ./Drivers/STM32H7xx_HAL_Driver/Src/stm32h7xx_hal_eth.o
 .text.ETH_SetDMAConfig
                0x0000000008001d08      0x10c ./Drivers/STM32H7xx_HAL_Driver/Src/stm32h7xx_hal_eth.o
 .text.ETH_MACDMAConfig
                0x0000000008001e14      0x13a ./Drivers/STM32H7xx_HAL_Driver/Src/stm32h7xx_hal_eth.o
 .text.ETH_DMATxDescListInit
                0x0000000008001f4e       0x92 ./Drivers/STM32H7xx_HAL_Driver/Src/stm32h7xx_hal_eth.o
 .text.ETH_DMARxDescListInit
                0x0000000008001fe0       0xba ./Drivers/STM32H7xx_HAL_Driver/Src/stm32h7xx_hal_eth.o
 *fill*         0x000000000800209a        0x2 
 .text.HAL_GPIO_Init
                0x000000000800209c      0x350 ./Drivers/STM32H7xx_HAL_Driver/Src/stm32h7xx_hal_gpio.o
                0x000000000800209c                HAL_GPIO_Init
 .text.HAL_GPIO_WritePin
                0x00000000080023ec       0x32 ./Drivers/STM32H7xx_HAL_Driver/Src/stm32h7xx_hal_gpio.o
                0x00000000080023ec                HAL_GPIO_WritePin
 *fill*         0x000000000800241e        0x2 
 .text.HAL_I2C_Init
                0x0000000008002420      0x138 ./Drivers/STM32H7xx_HAL_Driver/Src/stm32h7xx_hal_i2c.o
                0x0000000008002420                HAL_I2C_Init
 .text.HAL_I2C_Master_Transmit
                0x0000000008002558      0x230 ./Drivers/STM32H7xx_HAL_Driver/Src/stm32h7xx_hal_i2c.o
                0x0000000008002558                HAL_I2C_Master_Transmit
 .text.HAL_I2C_Master_Receive
                0x0000000008002788      0x1ec ./Drivers/STM32H7xx_HAL_Driver/Src/stm32h7xx_hal_i2c.o
                0x0000000008002788                HAL_I2C_Master_Receive
 .text.I2C_Flush_TXDR
                0x0000000008002974       0x48 ./Drivers/STM32H7xx_HAL_Driver/Src/stm32h7xx_hal_i2c.o
 .text.I2C_WaitOnFlagUntilTimeout
                0x00000000080029bc       0xb2 ./Drivers/STM32H7xx_HAL_Driver/Src/stm32h7xx_hal_i2c.o
 .text.I2C_WaitOnTXISFlagUntilTimeout
                0x0000000008002a6e       0x8e ./Drivers/STM32H7xx_HAL_Driver/Src/stm32h7xx_hal_i2c.o
 .text.I2C_WaitOnSTOPFlagUntilTimeout
                0x0000000008002afc       0x86 ./Drivers/STM32H7xx_HAL_Driver/Src/stm32h7xx_hal_i2c.o
 *fill*         0x0000000008002b82        0x2 
 .text.I2C_WaitOnRXNEFlagUntilTimeout
                0x0000000008002b84      0x118 ./Drivers/STM32H7xx_HAL_Driver/Src/stm32h7xx_hal_i2c.o
 .text.I2C_IsErrorOccurred
                0x0000000008002c9c      0x1c0 ./Drivers/STM32H7xx_HAL_Driver/Src/stm32h7xx_hal_i2c.o
 .text.I2C_TransferConfig
                0x0000000008002e5c       0x64 ./Drivers/STM32H7xx_HAL_Driver/Src/stm32h7xx_hal_i2c.o
 .text.HAL_I2CEx_ConfigAnalogFilter
                0x0000000008002ec0       0x96 ./Drivers/STM32H7xx_HAL_Driver/Src/stm32h7xx_hal_i2c_ex.o
                0x0000000008002ec0                HAL_I2CEx_ConfigAnalogFilter
 .text.HAL_I2CEx_ConfigDigitalFilter
                0x0000000008002f56       0x98 ./Drivers/STM32H7xx_HAL_Driver/Src/stm32h7xx_hal_i2c_ex.o
                0x0000000008002f56                HAL_I2CEx_ConfigDigitalFilter
 *fill*         0x0000000008002fee        0x2 
 .text.HAL_PWREx_ConfigSupply
                0x0000000008002ff0       0x74 ./Drivers/STM32H7xx_HAL_Driver/Src/stm32h7xx_hal_pwr_ex.o
                0x0000000008002ff0                HAL_PWREx_ConfigSupply
 .text.HAL_RCC_OscConfig
                0x0000000008003064      0x7b4 ./Drivers/STM32H7xx_HAL_Driver/Src/stm32h7xx_hal_rcc.o
                0x0000000008003064                HAL_RCC_OscConfig
 .text.HAL_RCC_ClockConfig
                0x0000000008003818      0x36c ./Drivers/STM32H7xx_HAL_Driver/Src/stm32h7xx_hal_rcc.o
                0x0000000008003818                HAL_RCC_ClockConfig
 .text.HAL_RCC_GetSysClockFreq
                0x0000000008003b84      0x2f4 ./Drivers/STM32H7xx_HAL_Driver/Src/stm32h7xx_hal_rcc.o
                0x0000000008003b84                HAL_RCC_GetSysClockFreq
 .text.HAL_RCC_GetHCLKFreq
                0x0000000008003e78       0x60 ./Drivers/STM32H7xx_HAL_Driver/Src/stm32h7xx_hal_rcc.o
                0x0000000008003e78                HAL_RCC_GetHCLKFreq
 .text.HAL_RCC_GetPCLK1Freq
                0x0000000008003ed8       0x2c ./Drivers/STM32H7xx_HAL_Driver/Src/stm32h7xx_hal_rcc.o
                0x0000000008003ed8                HAL_RCC_GetPCLK1Freq
 .text.HAL_RCC_GetPCLK2Freq
                0x0000000008003f04       0x2c ./Drivers/STM32H7xx_HAL_Driver/Src/stm32h7xx_hal_rcc.o
                0x0000000008003f04                HAL_RCC_GetPCLK2Freq
 .text.HAL_RCCEx_PeriphCLKConfig
                0x0000000008003f30     0x1340 ./Drivers/STM32H7xx_HAL_Driver/Src/stm32h7xx_hal_rcc_ex.o
                0x0000000008003f30                HAL_RCCEx_PeriphCLKConfig
 .text.HAL_RCCEx_GetD3PCLK1Freq
                0x0000000008005270       0x2c ./Drivers/STM32H7xx_HAL_Driver/Src/stm32h7xx_hal_rcc_ex.o
                0x0000000008005270                HAL_RCCEx_GetD3PCLK1Freq
 .text.HAL_RCCEx_GetPLL2ClockFreq
                0x000000000800529c      0x2a8 ./Drivers/STM32H7xx_HAL_Driver/Src/stm32h7xx_hal_rcc_ex.o
                0x000000000800529c                HAL_RCCEx_GetPLL2ClockFreq
 .text.HAL_RCCEx_GetPLL3ClockFreq
                0x0000000008005544      0x2a8 ./Drivers/STM32H7xx_HAL_Driver/Src/stm32h7xx_hal_rcc_ex.o
                0x0000000008005544                HAL_RCCEx_GetPLL3ClockFreq
 .text.RCCEx_PLL2_Config
                0x00000000080057ec      0x164 ./Drivers/STM32H7xx_HAL_Driver/Src/stm32h7xx_hal_rcc_ex.o
 .text.RCCEx_PLL3_Config
                0x0000000008005950      0x164 ./Drivers/STM32H7xx_HAL_Driver/Src/stm32h7xx_hal_rcc_ex.o
 .text.HAL_UART_Init
                0x0000000008005ab4       0xa0 ./Drivers/STM32H7xx_HAL_Driver/Src/stm32h7xx_hal_uart.o
                0x0000000008005ab4                HAL_UART_Init
 .text.UART_SetConfig
                0x0000000008005b54      0xcd8 ./Drivers/STM32H7xx_HAL_Driver/Src/stm32h7xx_hal_uart.o
                0x0000000008005b54                UART_SetConfig
 .text.UART_AdvFeatureConfig
                0x000000000800682c      0x144 ./Drivers/STM32H7xx_HAL_Driver/Src/stm32h7xx_hal_uart.o
                0x000000000800682c                UART_AdvFeatureConfig
 .text.UART_CheckIdleState
                0x0000000008006970      0x154 ./Drivers/STM32H7xx_HAL_Driver/Src/stm32h7xx_hal_uart.o
                0x0000000008006970                UART_CheckIdleState
 .text.UART_WaitOnFlagUntilTimeout
                0x0000000008006ac4       0xda ./Drivers/STM32H7xx_HAL_Driver/Src/stm32h7xx_hal_uart.o
                0x0000000008006ac4                UART_WaitOnFlagUntilTimeout
 *fill*         0x0000000008006b9e        0x2 
 .text.UART_EndRxTransfer
                0x0000000008006ba0       0xcc ./Drivers/STM32H7xx_HAL_Driver/Src/stm32h7xx_hal_uart.o
 .text.HAL_UARTEx_DisableFifoMode
                0x0000000008006c6c       0x72 ./Drivers/STM32H7xx_HAL_Driver/Src/stm32h7xx_hal_uart_ex.o
                0x0000000008006c6c                HAL_UARTEx_DisableFifoMode
 .text.HAL_UARTEx_SetTxFifoThreshold
                0x0000000008006cde       0x7c ./Drivers/STM32H7xx_HAL_Driver/Src/stm32h7xx_hal_uart_ex.o
                0x0000000008006cde                HAL_UARTEx_SetTxFifoThreshold
 .text.HAL_UARTEx_SetRxFifoThreshold
                0x0000000008006d5a       0x7c ./Drivers/STM32H7xx_HAL_Driver/Src/stm32h7xx_hal_uart_ex.o
                0x0000000008006d5a                HAL_UARTEx_SetRxFifoThreshold
 *fill*         0x0000000008006dd6        0x2 
 .text.UARTEx_SetNbDataToProcess
                0x0000000008006dd8       0x9c ./Drivers/STM32H7xx_HAL_Driver/Src/stm32h7xx_hal_uart_ex.o
 .text.memset   0x0000000008006e74       0x10 /Applications/STM32CubeIDE.app/Contents/Eclipse/plugins/com.st.stm32cube.ide.mcu.externaltools.gnu-tools-for-stm32.11.3.rel1.macos64_1.1.1.202309131626/tools/bin/../lib/gcc/arm-none-eabi/11.3.1/../../../../arm-none-eabi/lib/thumb/v7e-m+dp/hard/libc_nano.a(libc_a-memset.o)
                0x0000000008006e74                memset
 .text.__libc_init_array
                0x0000000008006e84       0x48 /Applications/STM32CubeIDE.app/Contents/Eclipse/plugins/com.st.stm32cube.ide.mcu.externaltools.gnu-tools-for-stm32.11.3.rel1.macos64_1.1.1.202309131626/tools/bin/../lib/gcc/arm-none-eabi/11.3.1/../../../../arm-none-eabi/lib/thumb/v7e-m+dp/hard/libc_nano.a(libc_a-init.o)
                0x0000000008006e84                __libc_init_array
 *(.glue_7)
 .glue_7        0x0000000008006ecc        0x0 linker stubs
 *(.glue_7t)
 .glue_7t       0x0000000008006ecc        0x0 linker stubs
 *(.eh_frame)
 .eh_frame      0x0000000008006ecc        0x0 /Applications/STM32CubeIDE.app/Contents/Eclipse/plugins/com.st.stm32cube.ide.mcu.externaltools.gnu-tools-for-stm32.11.3.rel1.macos64_1.1.1.202309131626/tools/bin/../lib/gcc/arm-none-eabi/11.3.1/thumb/v7e-m+dp/hard/crtbegin.o
 *(.init)
 .init          0x0000000008006ecc        0x4 /Applications/STM32CubeIDE.app/Contents/Eclipse/plugins/com.st.stm32cube.ide.mcu.externaltools.gnu-tools-for-stm32.11.3.rel1.macos64_1.1.1.202309131626/tools/bin/../lib/gcc/arm-none-eabi/11.3.1/thumb/v7e-m+dp/hard/crti.o
                0x0000000008006ecc                _init
 .init          0x0000000008006ed0        0x8 /Applications/STM32CubeIDE.app/Contents/Eclipse/plugins/com.st.stm32cube.ide.mcu.externaltools.gnu-tools-for-stm32.11.3.rel1.macos64_1.1.1.202309131626/tools/bin/../lib/gcc/arm-none-eabi/11.3.1/thumb/v7e-m+dp/hard/crtn.o
 *(.fini)
 .fini          0x0000000008006ed8        0x4 /Applications/STM32CubeIDE.app/Contents/Eclipse/plugins/com.st.stm32cube.ide.mcu.externaltools.gnu-tools-for-stm32.11.3.rel1.macos64_1.1.1.202309131626/tools/bin/../lib/gcc/arm-none-eabi/11.3.1/thumb/v7e-m+dp/hard/crti.o
                0x0000000008006ed8                _fini
 .fini          0x0000000008006edc        0x8 /Applications/STM32CubeIDE.app/Contents/Eclipse/plugins/com.st.stm32cube.ide.mcu.externaltools.gnu-tools-for-stm32.11.3.rel1.macos64_1.1.1.202309131626/tools/bin/../lib/gcc/arm-none-eabi/11.3.1/thumb/v7e-m+dp/hard/crtn.o
                0x0000000008006ee4                . = ALIGN (0x4)
                0x0000000008006ee4                _etext = .

.vfp11_veneer   0x0000000008006ee4        0x0
 .vfp11_veneer  0x0000000008006ee4        0x0 linker stubs

.v4_bx          0x0000000008006ee4        0x0
 .v4_bx         0x0000000008006ee4        0x0 linker stubs

.iplt           0x0000000008006ee4        0x0
 .iplt          0x0000000008006ee4        0x0 /Applications/STM32CubeIDE.app/Contents/Eclipse/plugins/com.st.stm32cube.ide.mcu.externaltools.gnu-tools-for-stm32.11.3.rel1.macos64_1.1.1.202309131626/tools/bin/../lib/gcc/arm-none-eabi/11.3.1/thumb/v7e-m+dp/hard/crtbegin.o

.rodata         0x0000000008006ee4       0x38
                0x0000000008006ee4                . = ALIGN (0x4)
 *(.rodata)
 *(.rodata*)
 .rodata.D1CorePrescTable
                0x0000000008006ee4       0x10 ./Core/Src/system_stm32h7xx.o
                0x0000000008006ee4                D1CorePrescTable
 .rodata.UARTPrescTable
                0x0000000008006ef4       0x18 ./Drivers/STM32H7xx_HAL_Driver/Src/stm32h7xx_hal_uart.o
                0x0000000008006ef4                UARTPrescTable
 .rodata.numerator.1
                0x0000000008006f0c        0x8 ./Drivers/STM32H7xx_HAL_Driver/Src/stm32h7xx_hal_uart_ex.o
 .rodata.denominator.0
                0x0000000008006f14        0x8 ./Drivers/STM32H7xx_HAL_Driver/Src/stm32h7xx_hal_uart_ex.o
                0x0000000008006f1c                . = ALIGN (0x4)

.ARM.extab
 *(.ARM.extab* .gnu.linkonce.armextab.*)

.ARM            0x0000000008006f1c        0x8
                0x0000000008006f1c                __exidx_start = .
 *(.ARM.exidx*)
 .ARM.exidx     0x0000000008006f1c        0x8 /Applications/STM32CubeIDE.app/Contents/Eclipse/plugins/com.st.stm32cube.ide.mcu.externaltools.gnu-tools-for-stm32.11.3.rel1.macos64_1.1.1.202309131626/tools/bin/../lib/gcc/arm-none-eabi/11.3.1/thumb/v7e-m+dp/hard/libgcc.a(_udivmoddi4.o)
                0x0000000008006f24                __exidx_end = .

.rel.dyn        0x0000000008006f24        0x0
 .rel.iplt      0x0000000008006f24        0x0 /Applications/STM32CubeIDE.app/Contents/Eclipse/plugins/com.st.stm32cube.ide.mcu.externaltools.gnu-tools-for-stm32.11.3.rel1.macos64_1.1.1.202309131626/tools/bin/../lib/gcc/arm-none-eabi/11.3.1/thumb/v7e-m+dp/hard/crtbegin.o

.preinit_array  0x0000000008006f24        0x0
                0x0000000008006f24                PROVIDE (__preinit_array_start = .)
 *(.preinit_array*)
                0x0000000008006f24                PROVIDE (__preinit_array_end = .)

.init_array     0x0000000008006f24        0x4
                0x0000000008006f24                PROVIDE (__init_array_start = .)
 *(SORT_BY_NAME(.init_array.*))
 *(.init_array*)
 .init_array    0x0000000008006f24        0x4 /Applications/STM32CubeIDE.app/Contents/Eclipse/plugins/com.st.stm32cube.ide.mcu.externaltools.gnu-tools-for-stm32.11.3.rel1.macos64_1.1.1.202309131626/tools/bin/../lib/gcc/arm-none-eabi/11.3.1/thumb/v7e-m+dp/hard/crtbegin.o
                0x0000000008006f28                PROVIDE (__init_array_end = .)

.fini_array     0x0000000008006f28        0x4
                [!provide]                        PROVIDE (__fini_array_start = .)
 *(SORT_BY_NAME(.fini_array.*))
 *(.fini_array*)
 .fini_array    0x0000000008006f28        0x4 /Applications/STM32CubeIDE.app/Contents/Eclipse/plugins/com.st.stm32cube.ide.mcu.externaltools.gnu-tools-for-stm32.11.3.rel1.macos64_1.1.1.202309131626/tools/bin/../lib/gcc/arm-none-eabi/11.3.1/thumb/v7e-m+dp/hard/crtbegin.o
                [!provide]                        PROVIDE (__fini_array_end = .)
                0x0000000008006f2c                _sidata = LOADADDR (.data)

.data           0x0000000024000000       0x10 load address 0x0000000008006f2c
                0x0000000024000000                . = ALIGN (0x4)
                0x0000000024000000                _sdata = .
 *(.data)
 *(.data*)
 .data.SystemCoreClock
                0x0000000024000000        0x4 ./Core/Src/system_stm32h7xx.o
                0x0000000024000000                SystemCoreClock
 .data.SystemD2Clock
                0x0000000024000004        0x4 ./Core/Src/system_stm32h7xx.o
                0x0000000024000004                SystemD2Clock
 .data.uwTickPrio
                0x0000000024000008        0x4 ./Drivers/STM32H7xx_HAL_Driver/Src/stm32h7xx_hal.o
                0x0000000024000008                uwTickPrio
 .data.uwTickFreq
                0x000000002400000c        0x1 ./Drivers/STM32H7xx_HAL_Driver/Src/stm32h7xx_hal.o
                0x000000002400000c                uwTickFreq
 *(.RamFunc)
 *(.RamFunc*)
                0x0000000024000010                . = ALIGN (0x4)
 *fill*         0x000000002400000d        0x3 
                0x0000000024000010                _edata = .

.igot.plt       0x0000000024000010        0x0 load address 0x0000000008006f3c
 .igot.plt      0x0000000024000010        0x0 /Applications/STM32CubeIDE.app/Contents/Eclipse/plugins/com.st.stm32cube.ide.mcu.externaltools.gnu-tools-for-stm32.11.3.rel1.macos64_1.1.1.202309131626/tools/bin/../lib/gcc/arm-none-eabi/11.3.1/thumb/v7e-m+dp/hard/crtbegin.o

.RxDecripSection
                0x0000000024000010       0x60 load address 0x0000000008006f3c
 .RxDecripSection
                0x0000000024000010       0x60 ./Core/Src/main.o
                0x0000000024000010                DMARxDscrTab

.TxDecripSection
                0x0000000024000070       0x60 load address 0x0000000008006f9c
 .TxDecripSection
                0x0000000024000070       0x60 ./Core/Src/main.o
                0x0000000024000070                DMATxDscrTab
                0x00000000240000d0                . = ALIGN (0x4)

.bss            0x00000000240000d0      0x200 load address 0x0000000008006ffc
                0x00000000240000d0                _sbss = .
                0x00000000240000d0                __bss_start__ = _sbss
 *(.bss)
 .bss           0x00000000240000d0       0x1c /Applications/STM32CubeIDE.app/Contents/Eclipse/plugins/com.st.stm32cube.ide.mcu.externaltools.gnu-tools-for-stm32.11.3.rel1.macos64_1.1.1.202309131626/tools/bin/../lib/gcc/arm-none-eabi/11.3.1/thumb/v7e-m+dp/hard/crtbegin.o
 *(.bss*)
 .bss.TxConfig  0x00000000240000ec       0x38 ./Core/Src/main.o
                0x00000000240000ec                TxConfig
 .bss.heth      0x0000000024000124       0xb0 ./Core/Src/main.o
                0x0000000024000124                heth
 .bss.hi2c1     0x00000000240001d4       0x54 ./Core/Src/main.o
                0x00000000240001d4                hi2c1
 .bss.huart3    0x0000000024000228       0x94 ./Core/Src/main.o
                0x0000000024000228                huart3
 .bss.temperature
                0x00000000240002bc        0x4 ./Core/Src/main.o
                0x00000000240002bc                temperature
 .bss.rh        0x00000000240002c0        0x4 ./Core/Src/main.o
                0x00000000240002c0                rh
 .bss.MACAddr.0
                0x00000000240002c4        0x6 ./Core/Src/main.o
 *fill*         0x00000000240002ca        0x2 
 .bss.uwTick    0x00000000240002cc        0x4 ./Drivers/STM32H7xx_HAL_Driver/Src/stm32h7xx_hal.o
                0x00000000240002cc                uwTick
 *(COMMON)
                0x00000000240002d0                . = ALIGN (0x4)
                0x00000000240002d0                _ebss = .
                0x00000000240002d0                __bss_end__ = _ebss

._user_heap_stack
                0x00000000240002d0      0x600 load address 0x0000000008006ffc
                0x00000000240002d0                . = ALIGN (0x8)
                [!provide]                        PROVIDE (end = .)
                0x00000000240002d0                PROVIDE (_end = .)
                0x00000000240004d0                . = (. + _Min_Heap_Size)
 *fill*         0x00000000240002d0      0x200 
                0x00000000240008d0                . = (. + _Min_Stack_Size)
 *fill*         0x00000000240004d0      0x400 
                0x00000000240008d0                . = ALIGN (0x8)

/DISCARD/
 libc.a(*)
 libm.a(*)
 libgcc.a(*)

.ARM.attributes
                0x0000000000000000       0x2e
 *(.ARM.attributes)
 .ARM.attributes
                0x0000000000000000       0x1e /Applications/STM32CubeIDE.app/Contents/Eclipse/plugins/com.st.stm32cube.ide.mcu.externaltools.gnu-tools-for-stm32.11.3.rel1.macos64_1.1.1.202309131626/tools/bin/../lib/gcc/arm-none-eabi/11.3.1/thumb/v7e-m+dp/hard/crti.o
 .ARM.attributes
                0x000000000000001e       0x32 /Applications/STM32CubeIDE.app/Contents/Eclipse/plugins/com.st.stm32cube.ide.mcu.externaltools.gnu-tools-for-stm32.11.3.rel1.macos64_1.1.1.202309131626/tools/bin/../lib/gcc/arm-none-eabi/11.3.1/thumb/v7e-m+dp/hard/crtbegin.o
 .ARM.attributes
                0x0000000000000050       0x32 ./Core/Src/SHTC3.o
 .ARM.attributes
                0x0000000000000082       0x32 ./Core/Src/main.o
 .ARM.attributes
                0x00000000000000b4       0x32 ./Core/Src/stm32h7xx_hal_msp.o
 .ARM.attributes
                0x00000000000000e6       0x32 ./Core/Src/stm32h7xx_it.o
 .ARM.attributes
                0x0000000000000118       0x32 ./Core/Src/system_stm32h7xx.o
 .ARM.attributes
                0x000000000000014a       0x21 ./Core/Startup/startup_stm32h723zgtx.o
 .ARM.attributes
                0x000000000000016b       0x32 ./Drivers/STM32H7xx_HAL_Driver/Src/stm32h7xx_hal.o
 .ARM.attributes
                0x000000000000019d       0x32 ./Drivers/STM32H7xx_HAL_Driver/Src/stm32h7xx_hal_cortex.o
 .ARM.attributes
                0x00000000000001cf       0x32 ./Drivers/STM32H7xx_HAL_Driver/Src/stm32h7xx_hal_eth.o
 .ARM.attributes
                0x0000000000000201       0x32 ./Drivers/STM32H7xx_HAL_Driver/Src/stm32h7xx_hal_gpio.o
 .ARM.attributes
                0x0000000000000233       0x32 ./Drivers/STM32H7xx_HAL_Driver/Src/stm32h7xx_hal_i2c.o
 .ARM.attributes
                0x0000000000000265       0x32 ./Drivers/STM32H7xx_HAL_Driver/Src/stm32h7xx_hal_i2c_ex.o
 .ARM.attributes
                0x0000000000000297       0x32 ./Drivers/STM32H7xx_HAL_Driver/Src/stm32h7xx_hal_pwr_ex.o
 .ARM.attributes
                0x00000000000002c9       0x32 ./Drivers/STM32H7xx_HAL_Driver/Src/stm32h7xx_hal_rcc.o
 .ARM.attributes
                0x00000000000002fb       0x32 ./Drivers/STM32H7xx_HAL_Driver/Src/stm32h7xx_hal_rcc_ex.o
 .ARM.attributes
                0x000000000000032d       0x32 ./Drivers/STM32H7xx_HAL_Driver/Src/stm32h7xx_hal_uart.o
 .ARM.attributes
                0x000000000000035f       0x32 ./Drivers/STM32H7xx_HAL_Driver/Src/stm32h7xx_hal_uart_ex.o
 .ARM.attributes
                0x0000000000000391       0x32 /Applications/STM32CubeIDE.app/Contents/Eclipse/plugins/com.st.stm32cube.ide.mcu.externaltools.gnu-tools-for-stm32.11.3.rel1.macos64_1.1.1.202309131626/tools/bin/../lib/gcc/arm-none-eabi/11.3.1/../../../../arm-none-eabi/lib/thumb/v7e-m+dp/hard/libc_nano.a(libc_a-memset.o)
 .ARM.attributes
                0x00000000000003c3       0x32 /Applications/STM32CubeIDE.app/Contents/Eclipse/plugins/com.st.stm32cube.ide.mcu.externaltools.gnu-tools-for-stm32.11.3.rel1.macos64_1.1.1.202309131626/tools/bin/../lib/gcc/arm-none-eabi/11.3.1/../../../../arm-none-eabi/lib/thumb/v7e-m+dp/hard/libc_nano.a(libc_a-init.o)
 .ARM.attributes
                0x00000000000003f5       0x1e /Applications/STM32CubeIDE.app/Contents/Eclipse/plugins/com.st.stm32cube.ide.mcu.externaltools.gnu-tools-for-stm32.11.3.rel1.macos64_1.1.1.202309131626/tools/bin/../lib/gcc/arm-none-eabi/11.3.1/thumb/v7e-m+dp/hard/libgcc.a(_aeabi_uldivmod.o)
 .ARM.attributes
                0x0000000000000413       0x32 /Applications/STM32CubeIDE.app/Contents/Eclipse/plugins/com.st.stm32cube.ide.mcu.externaltools.gnu-tools-for-stm32.11.3.rel1.macos64_1.1.1.202309131626/tools/bin/../lib/gcc/arm-none-eabi/11.3.1/thumb/v7e-m+dp/hard/libgcc.a(_udivmoddi4.o)
 .ARM.attributes
                0x0000000000000445       0x1e /Applications/STM32CubeIDE.app/Contents/Eclipse/plugins/com.st.stm32cube.ide.mcu.externaltools.gnu-tools-for-stm32.11.3.rel1.macos64_1.1.1.202309131626/tools/bin/../lib/gcc/arm-none-eabi/11.3.1/thumb/v7e-m+dp/hard/libgcc.a(_dvmd_tls.o)
 .ARM.attributes
                0x0000000000000463       0x1e /Applications/STM32CubeIDE.app/Contents/Eclipse/plugins/com.st.stm32cube.ide.mcu.externaltools.gnu-tools-for-stm32.11.3.rel1.macos64_1.1.1.202309131626/tools/bin/../lib/gcc/arm-none-eabi/11.3.1/thumb/v7e-m+dp/hard/crtn.o
OUTPUT(STM32H7TempSensor.elf elf32-littlearm)
LOAD linker stubs
LOAD /Applications/STM32CubeIDE.app/Contents/Eclipse/plugins/com.st.stm32cube.ide.mcu.externaltools.gnu-tools-for-stm32.11.3.rel1.macos64_1.1.1.202309131626/tools/bin/../lib/gcc/arm-none-eabi/11.3.1/../../../../arm-none-eabi/lib/thumb/v7e-m+dp/hard/libc.a
LOAD /Applications/STM32CubeIDE.app/Contents/Eclipse/plugins/com.st.stm32cube.ide.mcu.externaltools.gnu-tools-for-stm32.11.3.rel1.macos64_1.1.1.202309131626/tools/bin/../lib/gcc/arm-none-eabi/11.3.1/../../../../arm-none-eabi/lib/thumb/v7e-m+dp/hard/libm.a
LOAD /Applications/STM32CubeIDE.app/Contents/Eclipse/plugins/com.st.stm32cube.ide.mcu.externaltools.gnu-tools-for-stm32.11.3.rel1.macos64_1.1.1.202309131626/tools/bin/../lib/gcc/arm-none-eabi/11.3.1/thumb/v7e-m+dp/hard/libgcc.a

.comment        0x0000000000000000       0x43
 .comment       0x0000000000000000       0x43 /Applications/STM32CubeIDE.app/Contents/Eclipse/plugins/com.st.stm32cube.ide.mcu.externaltools.gnu-tools-for-stm32.11.3.rel1.macos64_1.1.1.202309131626/tools/bin/../lib/gcc/arm-none-eabi/11.3.1/thumb/v7e-m+dp/hard/crtbegin.o
                                         0x44 (size before relaxing)
 .comment       0x0000000000000043       0x44 ./Core/Src/SHTC3.o
 .comment       0x0000000000000043       0x44 ./Core/Src/main.o
 .comment       0x0000000000000043       0x44 ./Core/Src/stm32h7xx_hal_msp.o
 .comment       0x0000000000000043       0x44 ./Core/Src/stm32h7xx_it.o
 .comment       0x0000000000000043       0x44 ./Core/Src/system_stm32h7xx.o
 .comment       0x0000000000000043       0x44 ./Drivers/STM32H7xx_HAL_Driver/Src/stm32h7xx_hal.o
 .comment       0x0000000000000043       0x44 ./Drivers/STM32H7xx_HAL_Driver/Src/stm32h7xx_hal_cortex.o
 .comment       0x0000000000000043       0x44 ./Drivers/STM32H7xx_HAL_Driver/Src/stm32h7xx_hal_eth.o
 .comment       0x0000000000000043       0x44 ./Drivers/STM32H7xx_HAL_Driver/Src/stm32h7xx_hal_gpio.o
 .comment       0x0000000000000043       0x44 ./Drivers/STM32H7xx_HAL_Driver/Src/stm32h7xx_hal_i2c.o
 .comment       0x0000000000000043       0x44 ./Drivers/STM32H7xx_HAL_Driver/Src/stm32h7xx_hal_i2c_ex.o
 .comment       0x0000000000000043       0x44 ./Drivers/STM32H7xx_HAL_Driver/Src/stm32h7xx_hal_pwr_ex.o
 .comment       0x0000000000000043       0x44 ./Drivers/STM32H7xx_HAL_Driver/Src/stm32h7xx_hal_rcc.o
 .comment       0x0000000000000043       0x44 ./Drivers/STM32H7xx_HAL_Driver/Src/stm32h7xx_hal_rcc_ex.o
 .comment       0x0000000000000043       0x44 ./Drivers/STM32H7xx_HAL_Driver/Src/stm32h7xx_hal_uart.o
 .comment       0x0000000000000043       0x44 ./Drivers/STM32H7xx_HAL_Driver/Src/stm32h7xx_hal_uart_ex.o

.debug_info     0x0000000000000000    0x1767e
 .debug_info    0x0000000000000000      0xb57 ./Core/Src/SHTC3.o
 .debug_info    0x0000000000000b57     0x25d7 ./Core/Src/main.o
 .debug_info    0x000000000000312e     0x22e6 ./Core/Src/stm32h7xx_hal_msp.o
 .debug_info    0x0000000000005414      0x128 ./Core/Src/stm32h7xx_it.o
 .debug_info    0x000000000000553c      0xb2e ./Core/Src/system_stm32h7xx.o
 .debug_info    0x000000000000606a       0x23 ./Core/Startup/startup_stm32h723zgtx.o
 .debug_info    0x000000000000608d     0x1698 ./Drivers/STM32H7xx_HAL_Driver/Src/stm32h7xx_hal.o
 .debug_info    0x0000000000007725     0x10a0 ./Drivers/STM32H7xx_HAL_Driver/Src/stm32h7xx_hal_cortex.o
 .debug_info    0x00000000000087c5     0x2a22 ./Drivers/STM32H7xx_HAL_Driver/Src/stm32h7xx_hal_eth.o
 .debug_info    0x000000000000b1e7      0xc5c ./Drivers/STM32H7xx_HAL_Driver/Src/stm32h7xx_hal_gpio.o
 .debug_info    0x000000000000be43     0x22a1 ./Drivers/STM32H7xx_HAL_Driver/Src/stm32h7xx_hal_i2c.o
 .debug_info    0x000000000000e0e4      0xd95 ./Drivers/STM32H7xx_HAL_Driver/Src/stm32h7xx_hal_i2c_ex.o
 .debug_info    0x000000000000ee79      0xdc4 ./Drivers/STM32H7xx_HAL_Driver/Src/stm32h7xx_hal_pwr_ex.o
 .debug_info    0x000000000000fc3d      0xd73 ./Drivers/STM32H7xx_HAL_Driver/Src/stm32h7xx_hal_rcc.o
 .debug_info    0x00000000000109b0     0x11fc ./Drivers/STM32H7xx_HAL_Driver/Src/stm32h7xx_hal_rcc_ex.o
 .debug_info    0x0000000000011bac     0x4b13 ./Drivers/STM32H7xx_HAL_Driver/Src/stm32h7xx_hal_uart.o
 .debug_info    0x00000000000166bf      0xfbf ./Drivers/STM32H7xx_HAL_Driver/Src/stm32h7xx_hal_uart_ex.o

.debug_abbrev   0x0000000000000000     0x2674
 .debug_abbrev  0x0000000000000000      0x1ea ./Core/Src/SHTC3.o
 .debug_abbrev  0x00000000000001ea      0x33a ./Core/Src/main.o
 .debug_abbrev  0x0000000000000524      0x265 ./Core/Src/stm32h7xx_hal_msp.o
 .debug_abbrev  0x0000000000000789       0x73 ./Core/Src/stm32h7xx_it.o
 .debug_abbrev  0x00000000000007fc      0x13a ./Core/Src/system_stm32h7xx.o
 .debug_abbrev  0x0000000000000936       0x12 ./Core/Startup/startup_stm32h723zgtx.o
 .debug_abbrev  0x0000000000000948      0x29e ./Drivers/STM32H7xx_HAL_Driver/Src/stm32h7xx_hal.o
 .debug_abbrev  0x0000000000000be6      0x339 ./Drivers/STM32H7xx_HAL_Driver/Src/stm32h7xx_hal_cortex.o
 .debug_abbrev  0x0000000000000f1f      0x347 ./Drivers/STM32H7xx_HAL_Driver/Src/stm32h7xx_hal_eth.o
 .debug_abbrev  0x0000000000001266      0x1fe ./Drivers/STM32H7xx_HAL_Driver/Src/stm32h7xx_hal_gpio.o
 .debug_abbrev  0x0000000000001464      0x25d ./Drivers/STM32H7xx_HAL_Driver/Src/stm32h7xx_hal_i2c.o
 .debug_abbrev  0x00000000000016c1      0x1f5 ./Drivers/STM32H7xx_HAL_Driver/Src/stm32h7xx_hal_i2c_ex.o
 .debug_abbrev  0x00000000000018b6      0x295 ./Drivers/STM32H7xx_HAL_Driver/Src/stm32h7xx_hal_pwr_ex.o
 .debug_abbrev  0x0000000000001b4b      0x2b1 ./Drivers/STM32H7xx_HAL_Driver/Src/stm32h7xx_hal_rcc.o
 .debug_abbrev  0x0000000000001dfc      0x269 ./Drivers/STM32H7xx_HAL_Driver/Src/stm32h7xx_hal_rcc_ex.o
 .debug_abbrev  0x0000000000002065      0x33d ./Drivers/STM32H7xx_HAL_Driver/Src/stm32h7xx_hal_uart.o
 .debug_abbrev  0x00000000000023a2      0x2d2 ./Drivers/STM32H7xx_HAL_Driver/Src/stm32h7xx_hal_uart_ex.o

.debug_aranges  0x0000000000000000      0xf78
 .debug_aranges
                0x0000000000000000       0x58 ./Core/Src/SHTC3.o
 .debug_aranges
                0x0000000000000058       0x58 ./Core/Src/main.o
 .debug_aranges
                0x00000000000000b0       0x50 ./Core/Src/stm32h7xx_hal_msp.o
 .debug_aranges
                0x0000000000000100       0x60 ./Core/Src/stm32h7xx_it.o
 .debug_aranges
                0x0000000000000160       0x28 ./Core/Src/system_stm32h7xx.o
 .debug_aranges
                0x0000000000000188       0x28 ./Core/Startup/startup_stm32h723zgtx.o
 .debug_aranges
                0x00000000000001b0      0x1c8 ./Drivers/STM32H7xx_HAL_Driver/Src/stm32h7xx_hal.o
 .debug_aranges
                0x0000000000000378      0x130 ./Drivers/STM32H7xx_HAL_Driver/Src/stm32h7xx_hal_cortex.o
 .debug_aranges
                0x00000000000004a8      0x1d8 ./Drivers/STM32H7xx_HAL_Driver/Src/stm32h7xx_hal_eth.o
 .debug_aranges
                0x0000000000000680       0x58 ./Drivers/STM32H7xx_HAL_Driver/Src/stm32h7xx_hal_gpio.o
 .debug_aranges
                0x00000000000006d8      0x2a0 ./Drivers/STM32H7xx_HAL_Driver/Src/stm32h7xx_hal_i2c.o
 .debug_aranges
                0x0000000000000978       0x48 ./Drivers/STM32H7xx_HAL_Driver/Src/stm32h7xx_hal_i2c_ex.o
 .debug_aranges
                0x00000000000009c0      0x148 ./Drivers/STM32H7xx_HAL_Driver/Src/stm32h7xx_hal_pwr_ex.o
 .debug_aranges
                0x0000000000000b08       0x88 ./Drivers/STM32H7xx_HAL_Driver/Src/stm32h7xx_hal_rcc.o
 .debug_aranges
                0x0000000000000b90       0xf8 ./Drivers/STM32H7xx_HAL_Driver/Src/stm32h7xx_hal_rcc_ex.o
 .debug_aranges
                0x0000000000000c88      0x248 ./Drivers/STM32H7xx_HAL_Driver/Src/stm32h7xx_hal_uart.o
 .debug_aranges
                0x0000000000000ed0       0xa8 ./Drivers/STM32H7xx_HAL_Driver/Src/stm32h7xx_hal_uart_ex.o

.debug_rnglists
                0x0000000000000000      0xc15
 .debug_rnglists
                0x0000000000000000       0x41 ./Core/Src/SHTC3.o
 .debug_rnglists
                0x0000000000000041       0x43 ./Core/Src/main.o
 .debug_rnglists
                0x0000000000000084       0x3b ./Core/Src/stm32h7xx_hal_msp.o
 .debug_rnglists
                0x00000000000000bf       0x43 ./Core/Src/stm32h7xx_it.o
 .debug_rnglists
                0x0000000000000102       0x1b ./Core/Src/system_stm32h7xx.o
 .debug_rnglists
                0x000000000000011d       0x19 ./Core/Startup/startup_stm32h723zgtx.o
 .debug_rnglists
                0x0000000000000136      0x155 ./Drivers/STM32H7xx_HAL_Driver/Src/stm32h7xx_hal.o
 .debug_rnglists
                0x000000000000028b       0xe0 ./Drivers/STM32H7xx_HAL_Driver/Src/stm32h7xx_hal_cortex.o
 .debug_rnglists
                0x000000000000036b      0x176 ./Drivers/STM32H7xx_HAL_Driver/Src/stm32h7xx_hal_eth.o
 .debug_rnglists
                0x00000000000004e1       0x3f ./Drivers/STM32H7xx_HAL_Driver/Src/stm32h7xx_hal_gpio.o
 .debug_rnglists
                0x0000000000000520      0x22a ./Drivers/STM32H7xx_HAL_Driver/Src/stm32h7xx_hal_i2c.o
 .debug_rnglists
                0x000000000000074a       0x35 ./Drivers/STM32H7xx_HAL_Driver/Src/stm32h7xx_hal_i2c_ex.o
 .debug_rnglists
                0x000000000000077f       0xf5 ./Drivers/STM32H7xx_HAL_Driver/Src/stm32h7xx_hal_pwr_ex.o
 .debug_rnglists
                0x0000000000000874       0x68 ./Drivers/STM32H7xx_HAL_Driver/Src/stm32h7xx_hal_rcc.o
 .debug_rnglists
                0x00000000000008dc       0xc0 ./Drivers/STM32H7xx_HAL_Driver/Src/stm32h7xx_hal_rcc_ex.o
 .debug_rnglists
                0x000000000000099c      0x1fa ./Drivers/STM32H7xx_HAL_Driver/Src/stm32h7xx_hal_uart.o
 .debug_rnglists
                0x0000000000000b96       0x7f ./Drivers/STM32H7xx_HAL_Driver/Src/stm32h7xx_hal_uart_ex.o

.debug_macro    0x0000000000000000    0x32c24
 .debug_macro   0x0000000000000000      0x2c0 ./Core/Src/SHTC3.o
 .debug_macro   0x00000000000002c0      0xac0 ./Core/Src/SHTC3.o
 .debug_macro   0x0000000000000d80      0x238 ./Core/Src/SHTC3.o
 .debug_macro   0x0000000000000fb8       0x2e ./Core/Src/SHTC3.o
 .debug_macro   0x0000000000000fe6       0x3b ./Core/Src/SHTC3.o
 .debug_macro   0x0000000000001021       0x22 ./Core/Src/SHTC3.o
 .debug_macro   0x0000000000001043       0x8e ./Core/Src/SHTC3.o
 .debug_macro   0x00000000000010d1       0x51 ./Core/Src/SHTC3.o
 .debug_macro   0x0000000000001122      0x103 ./Core/Src/SHTC3.o
 .debug_macro   0x0000000000001225       0x6a ./Core/Src/SHTC3.o
 .debug_macro   0x000000000000128f      0x1df ./Core/Src/SHTC3.o
 .debug_macro   0x000000000000146e       0x1c ./Core/Src/SHTC3.o
 .debug_macro   0x000000000000148a       0x22 ./Core/Src/SHTC3.o
 .debug_macro   0x00000000000014ac       0xfb ./Core/Src/SHTC3.o
 .debug_macro   0x00000000000015a7     0x1305 ./Core/Src/SHTC3.o
 .debug_macro   0x00000000000028ac      0x11f ./Core/Src/SHTC3.o
 .debug_macro   0x00000000000029cb       0x27 ./Core/Src/SHTC3.o
 .debug_macro   0x00000000000029f2    0x2127f ./Core/Src/SHTC3.o
 .debug_macro   0x0000000000023c71       0x6d ./Core/Src/SHTC3.o
 .debug_macro   0x0000000000023cde     0x3d64 ./Core/Src/SHTC3.o
 .debug_macro   0x0000000000027a42      0x174 ./Core/Src/SHTC3.o
 .debug_macro   0x0000000000027bb6       0x61 ./Core/Src/SHTC3.o
 .debug_macro   0x0000000000027c17       0x29 ./Core/Src/SHTC3.o
 .debug_macro   0x0000000000027c40       0x43 ./Core/Src/SHTC3.o
 .debug_macro   0x0000000000027c83       0x34 ./Core/Src/SHTC3.o
 .debug_macro   0x0000000000027cb7       0x16 ./Core/Src/SHTC3.o
 .debug_macro   0x0000000000027ccd       0x43 ./Core/Src/SHTC3.o
 .debug_macro   0x0000000000027d10       0x34 ./Core/Src/SHTC3.o
 .debug_macro   0x0000000000027d44       0x10 ./Core/Src/SHTC3.o
 .debug_macro   0x0000000000027d54       0x58 ./Core/Src/SHTC3.o
 .debug_macro   0x0000000000027dac       0x8e ./Core/Src/SHTC3.o
 .debug_macro   0x0000000000027e3a       0x1c ./Core/Src/SHTC3.o
 .debug_macro   0x0000000000027e56      0x177 ./Core/Src/SHTC3.o
 .debug_macro   0x0000000000027fcd      0x369 ./Core/Src/SHTC3.o
 .debug_macro   0x0000000000028336      0x19b ./Core/Src/SHTC3.o
 .debug_macro   0x00000000000284d1       0x5d ./Core/Src/SHTC3.o
 .debug_macro   0x000000000002852e     0x2462 ./Core/Src/SHTC3.o
 .debug_macro   0x000000000002a990     0x1079 ./Core/Src/SHTC3.o
 .debug_macro   0x000000000002ba09      0x154 ./Core/Src/SHTC3.o
 .debug_macro   0x000000000002bb5d      0x114 ./Core/Src/SHTC3.o
 .debug_macro   0x000000000002bc71      0x3fc ./Core/Src/SHTC3.o
 .debug_macro   0x000000000002c06d       0xac ./Core/Src/SHTC3.o
 .debug_macro   0x000000000002c119      0x788 ./Core/Src/SHTC3.o
 .debug_macro   0x000000000002c8a1      0x228 ./Core/Src/SHTC3.o
 .debug_macro   0x000000000002cac9       0x66 ./Core/Src/SHTC3.o
 .debug_macro   0x000000000002cb2f      0x3a6 ./Core/Src/SHTC3.o
 .debug_macro   0x000000000002ced5      0xa80 ./Core/Src/SHTC3.o
 .debug_macro   0x000000000002d955      0x129 ./Core/Src/SHTC3.o
 .debug_macro   0x000000000002da7e      0x3f9 ./Core/Src/SHTC3.o
 .debug_macro   0x000000000002de77      0x275 ./Core/Src/SHTC3.o
 .debug_macro   0x000000000002e0ec      0x3ca ./Core/Src/SHTC3.o
 .debug_macro   0x000000000002e4b6      0x45c ./Core/Src/SHTC3.o
 .debug_macro   0x000000000002e912       0x3c ./Core/Src/SHTC3.o
 .debug_macro   0x000000000002e94e       0x4a ./Core/Src/SHTC3.o
 .debug_macro   0x000000000002e998      0x22c ./Core/Src/SHTC3.o
 .debug_macro   0x000000000002ebc4       0x67 ./Core/Src/SHTC3.o
 .debug_macro   0x000000000002ec2b       0xa5 ./Core/Src/SHTC3.o
 .debug_macro   0x000000000002ecd0      0x1c4 ./Core/Src/SHTC3.o
 .debug_macro   0x000000000002ee94      0x22a ./Core/Src/SHTC3.o
 .debug_macro   0x000000000002f0be       0x35 ./Core/Src/SHTC3.o
 .debug_macro   0x000000000002f0f3      0x693 ./Core/Src/SHTC3.o
 .debug_macro   0x000000000002f786       0xa6 ./Core/Src/SHTC3.o
 .debug_macro   0x000000000002f82c      0x5e6 ./Core/Src/SHTC3.o
 .debug_macro   0x000000000002fe12       0x58 ./Core/Src/SHTC3.o
 .debug_macro   0x000000000002fe6a      0x136 ./Core/Src/SHTC3.o
 .debug_macro   0x000000000002ffa0      0x2f0 ./Core/Src/main.o
 .debug_macro   0x0000000000030290      0x130 ./Core/Src/main.o
 .debug_macro   0x00000000000303c0       0x16 ./Core/Src/main.o
 .debug_macro   0x00000000000303d6       0x35 ./Core/Src/main.o
 .debug_macro   0x000000000003040b       0x20 ./Core/Src/main.o
 .debug_macro   0x000000000003042b       0x5e ./Core/Src/main.o
 .debug_macro   0x0000000000030489      0x2b7 ./Core/Src/stm32h7xx_hal_msp.o
 .debug_macro   0x0000000000030740      0x2c1 ./Core/Src/stm32h7xx_it.o
 .debug_macro   0x0000000000030a01      0x2a8 ./Core/Src/system_stm32h7xx.o
 .debug_macro   0x0000000000030ca9      0x2d2 ./Drivers/STM32H7xx_HAL_Driver/Src/stm32h7xx_hal.o
 .debug_macro   0x0000000000030f7b      0x2a8 ./Drivers/STM32H7xx_HAL_Driver/Src/stm32h7xx_hal_cortex.o
 .debug_macro   0x0000000000031223      0x33c ./Drivers/STM32H7xx_HAL_Driver/Src/stm32h7xx_hal_eth.o
 .debug_macro   0x000000000003155f      0x2af ./Drivers/STM32H7xx_HAL_Driver/Src/stm32h7xx_hal_gpio.o
 .debug_macro   0x000000000003180e      0x374 ./Drivers/STM32H7xx_HAL_Driver/Src/stm32h7xx_hal_i2c.o
 .debug_macro   0x0000000000031b82      0x2a8 ./Drivers/STM32H7xx_HAL_Driver/Src/stm32h7xx_hal_i2c_ex.o
 .debug_macro   0x0000000000031e2a      0x2e1 ./Drivers/STM32H7xx_HAL_Driver/Src/stm32h7xx_hal_pwr_ex.o
 .debug_macro   0x000000000003210b      0x2cc ./Drivers/STM32H7xx_HAL_Driver/Src/stm32h7xx_hal_rcc.o
 .debug_macro   0x00000000000323d7      0x2c6 ./Drivers/STM32H7xx_HAL_Driver/Src/stm32h7xx_hal_rcc_ex.o
 .debug_macro   0x000000000003269d      0x2d3 ./Drivers/STM32H7xx_HAL_Driver/Src/stm32h7xx_hal_uart.o
 .debug_macro   0x0000000000032970      0x2b4 ./Drivers/STM32H7xx_HAL_Driver/Src/stm32h7xx_hal_uart_ex.o

.debug_line     0x0000000000000000    0x14c94
 .debug_line    0x0000000000000000      0xaa3 ./Core/Src/SHTC3.o
 .debug_line    0x0000000000000aa3      0xafa ./Core/Src/main.o
 .debug_line    0x000000000000159d      0x9bd ./Core/Src/stm32h7xx_hal_msp.o
 .debug_line    0x0000000000001f5a      0x936 ./Core/Src/stm32h7xx_it.o
 .debug_line    0x0000000000002890      0xa18 ./Core/Src/system_stm32h7xx.o
 .debug_line    0x00000000000032a8       0x7a ./Core/Startup/startup_stm32h723zgtx.o
 .debug_line    0x0000000000003322      0xeaf ./Drivers/STM32H7xx_HAL_Driver/Src/stm32h7xx_hal.o
 .debug_line    0x00000000000041d1      0xe55 ./Drivers/STM32H7xx_HAL_Driver/Src/stm32h7xx_hal_cortex.o
 .debug_line    0x0000000000005026     0x1b94 ./Drivers/STM32H7xx_HAL_Driver/Src/stm32h7xx_hal_eth.o
 .debug_line    0x0000000000006bba      0xcd0 ./Drivers/STM32H7xx_HAL_Driver/Src/stm32h7xx_hal_gpio.o
 .debug_line    0x000000000000788a     0x3dea ./Drivers/STM32H7xx_HAL_Driver/Src/stm32h7xx_hal_i2c.o
 .debug_line    0x000000000000b674      0xa91 ./Drivers/STM32H7xx_HAL_Driver/Src/stm32h7xx_hal_i2c_ex.o
 .debug_line    0x000000000000c105      0xea2 ./Drivers/STM32H7xx_HAL_Driver/Src/stm32h7xx_hal_pwr_ex.o
 .debug_line    0x000000000000cfa7     0x1348 ./Drivers/STM32H7xx_HAL_Driver/Src/stm32h7xx_hal_rcc.o
 .debug_line    0x000000000000e2ef     0x1c01 ./Drivers/STM32H7xx_HAL_Driver/Src/stm32h7xx_hal_rcc_ex.o
 .debug_line    0x000000000000fef0     0x3ee5 ./Drivers/STM32H7xx_HAL_Driver/Src/stm32h7xx_hal_uart.o
 .debug_line    0x0000000000013dd5      0xebf ./Drivers/STM32H7xx_HAL_Driver/Src/stm32h7xx_hal_uart_ex.o

.debug_str      0x0000000000000000   0x146656
 .debug_str     0x0000000000000000   0x13fe26 ./Core/Src/SHTC3.o
                                     0x140307 (size before relaxing)
 .debug_str     0x000000000013fe26     0x11f6 ./Core/Src/main.o
                                     0x1414ed (size before relaxing)
 .debug_str     0x000000000014101c      0x3a6 ./Core/Src/stm32h7xx_hal_msp.o
                                     0x1411db (size before relaxing)
 .debug_str     0x00000000001413c2       0xc9 ./Core/Src/stm32h7xx_it.o
                                     0x13fad0 (size before relaxing)
 .debug_str     0x000000000014148b      0x29a ./Core/Src/system_stm32h7xx.o
                                     0x13fa22 (size before relaxing)
 .debug_str     0x0000000000141725       0x34 ./Core/Startup/startup_stm32h723zgtx.o
                                         0x78 (size before relaxing)
 .debug_str     0x0000000000141759     0x1108 ./Drivers/STM32H7xx_HAL_Driver/Src/stm32h7xx_hal.o
                                     0x140aac (size before relaxing)
 .debug_str     0x0000000000142861      0x38b ./Drivers/STM32H7xx_HAL_Driver/Src/stm32h7xx_hal_cortex.o
                                     0x1403c6 (size before relaxing)
 .debug_str     0x0000000000142bec     0x103b ./Drivers/STM32H7xx_HAL_Driver/Src/stm32h7xx_hal_eth.o
                                     0x14133b (size before relaxing)
 .debug_str     0x0000000000143c27       0xec ./Drivers/STM32H7xx_HAL_Driver/Src/stm32h7xx_hal_gpio.o
                                     0x13fa6d (size before relaxing)
 .debug_str     0x0000000000143d13      0xdfd ./Drivers/STM32H7xx_HAL_Driver/Src/stm32h7xx_hal_i2c.o
                                     0x140b03 (size before relaxing)
 .debug_str     0x0000000000144b10       0xb8 ./Drivers/STM32H7xx_HAL_Driver/Src/stm32h7xx_hal_i2c_ex.o
                                     0x13feb2 (size before relaxing)
 .debug_str     0x0000000000144bc8      0x5e7 ./Drivers/STM32H7xx_HAL_Driver/Src/stm32h7xx_hal_pwr_ex.o
                                     0x13fe75 (size before relaxing)
 .debug_str     0x00000000001451af      0x21a ./Drivers/STM32H7xx_HAL_Driver/Src/stm32h7xx_hal_rcc.o
                                     0x13fdf0 (size before relaxing)
 .debug_str     0x00000000001453c9      0x639 ./Drivers/STM32H7xx_HAL_Driver/Src/stm32h7xx_hal_rcc_ex.o
                                     0x140308 (size before relaxing)
 .debug_str     0x0000000000145a02      0x9f3 ./Drivers/STM32H7xx_HAL_Driver/Src/stm32h7xx_hal_uart.o
                                     0x140990 (size before relaxing)
 .debug_str     0x00000000001463f5      0x261 ./Drivers/STM32H7xx_HAL_Driver/Src/stm32h7xx_hal_uart_ex.o
                                     0x13ff50 (size before relaxing)

.debug_frame    0x0000000000000000     0x4194
 .debug_frame   0x0000000000000000      0x144 ./Core/Src/SHTC3.o
 .debug_frame   0x0000000000000144      0x104 ./Core/Src/main.o
 .debug_frame   0x0000000000000248      0x118 ./Core/Src/stm32h7xx_hal_msp.o
 .debug_frame   0x0000000000000360      0x104 ./Core/Src/stm32h7xx_it.o
 .debug_frame   0x0000000000000464       0x58 ./Core/Src/system_stm32h7xx.o
 .debug_frame   0x00000000000004bc      0x760 ./Drivers/STM32H7xx_HAL_Driver/Src/stm32h7xx_hal.o
 .debug_frame   0x0000000000000c1c      0x508 ./Drivers/STM32H7xx_HAL_Driver/Src/stm32h7xx_hal_cortex.o
 .debug_frame   0x0000000000001124      0x894 ./Drivers/STM32H7xx_HAL_Driver/Src/stm32h7xx_hal_eth.o
 .debug_frame   0x00000000000019b8      0x14c ./Drivers/STM32H7xx_HAL_Driver/Src/stm32h7xx_hal_gpio.o
 .debug_frame   0x0000000000001b04      0xc40 ./Drivers/STM32H7xx_HAL_Driver/Src/stm32h7xx_hal_i2c.o
 .debug_frame   0x0000000000002744      0x100 ./Drivers/STM32H7xx_HAL_Driver/Src/stm32h7xx_hal_i2c_ex.o
 .debug_frame   0x0000000000002844      0x540 ./Drivers/STM32H7xx_HAL_Driver/Src/stm32h7xx_hal_pwr_ex.o
 .debug_frame   0x0000000000002d84      0x1fc ./Drivers/STM32H7xx_HAL_Driver/Src/stm32h7xx_hal_rcc.o
 .debug_frame   0x0000000000002f80      0x414 ./Drivers/STM32H7xx_HAL_Driver/Src/stm32h7xx_hal_rcc_ex.o
 .debug_frame   0x0000000000003394      0xa94 ./Drivers/STM32H7xx_HAL_Driver/Src/stm32h7xx_hal_uart.o
 .debug_frame   0x0000000000003e28      0x2c0 ./Drivers/STM32H7xx_HAL_Driver/Src/stm32h7xx_hal_uart_ex.o
 .debug_frame   0x00000000000040e8       0x20 /Applications/STM32CubeIDE.app/Contents/Eclipse/plugins/com.st.stm32cube.ide.mcu.externaltools.gnu-tools-for-stm32.11.3.rel1.macos64_1.1.1.202309131626/tools/bin/../lib/gcc/arm-none-eabi/11.3.1/../../../../arm-none-eabi/lib/thumb/v7e-m+dp/hard/libc_nano.a(libc_a-memset.o)
 .debug_frame   0x0000000000004108       0x2c /Applications/STM32CubeIDE.app/Contents/Eclipse/plugins/com.st.stm32cube.ide.mcu.externaltools.gnu-tools-for-stm32.11.3.rel1.macos64_1.1.1.202309131626/tools/bin/../lib/gcc/arm-none-eabi/11.3.1/../../../../arm-none-eabi/lib/thumb/v7e-m+dp/hard/libc_nano.a(libc_a-init.o)
 .debug_frame   0x0000000000004134       0x2c /Applications/STM32CubeIDE.app/Contents/Eclipse/plugins/com.st.stm32cube.ide.mcu.externaltools.gnu-tools-for-stm32.11.3.rel1.macos64_1.1.1.202309131626/tools/bin/../lib/gcc/arm-none-eabi/11.3.1/thumb/v7e-m+dp/hard/libgcc.a(_aeabi_uldivmod.o)
 .debug_frame   0x0000000000004160       0x34 /Applications/STM32CubeIDE.app/Contents/Eclipse/plugins/com.st.stm32cube.ide.mcu.externaltools.gnu-tools-for-stm32.11.3.rel1.macos64_1.1.1.202309131626/tools/bin/../lib/gcc/arm-none-eabi/11.3.1/thumb/v7e-m+dp/hard/libgcc.a(_udivmoddi4.o)

.debug_line_str
                0x0000000000000000       0x6c
 .debug_line_str
                0x0000000000000000       0x6c ./Core/Startup/startup_stm32h723zgtx.o
                                         0x84 (size before relaxing)
